---
source: src/cli/output_example.rs
assertion_line: 78
expression: output
---
[
  {
    "name": "test",
    "path": "/tmp/test",
    "branch": "test-branch",
    "commit": "123456",
    "is_bare": false,
    "is_detached": false,
    "is_locked": false,
    "is_prunable": false
  }
]
