---
source: src/cli/output_example.rs
assertion_line: 56
expression: output
---

